INFO:root:server is UP on 0.0.0.0:8000
INFO:root:Connected ('127.0.0.1', 56458)
INFO:root:Threaded client serving started ('127.0.0.1', 56458)
INFO:root:Got request from ('127.0.0.1', 56458) method: GET
target: /pasd
version: HTTP/1.1
headers: Host: 0.0.0.0:8000
Upgrade-Insecure-Requests: 1
Accept: text/html,application/xhtml+xml,application/xml;q=0.9,*/*;q=0.8
User-Agent: Mozilla/5.0 (Macintosh; Intel Mac OS X 10_15_1) AppleWebKit/605.1.15 (KHTML, like Gecko) Version/13.0.3 Safari/605.1.15
Accept-Language: en-us
Accept-Encoding: gzip, deflate
Connection: keep-alive


file: <_io.BufferedReader name=-1>
user: ('127.0.0.1', 56458)
url: ParseResult(scheme='', netloc='', path='/pasd', params='', query='', fragment='')
path: /pasd
query: {}
INFO:root:processing /pasd
ERROR:root:(404, 'Not found', '', 'SERVER_NOT_FOUND')
Traceback (most recent call last):
  File "/Users/irusland/Desktop/UrFU/python/httpserver/httpserver.py", line 206, in handle_req
    destination = self.ruler.get_destination(req.path, rules, True)
  File "/Users/irusland/Desktop/UrFU/python/httpserver/ruler.py", line 55, in get_destination
    raise FileNotFoundError(url, rules)
FileNotFoundError: [Errno /pasd] {'/': 'tmp/index.html', '/favicon.ico': 'tmp/pictures/favicon.ico', '/index.html': 'tmp/index.html', '/2.html': 'tmp/pages/2.html', '/1.2.3.txt': 'tmp/1.2.3.txt', 'page-load-errors[extras].css': 'pages/page-load-errors[extras].css', '/[name].html': 'tmp/pages/[name].html', '/[name].css': 'tmp/pages/css/[name].css', '/[name].[ext]': 'tmp/pictures/[name].[ext]', '/png/[name].png': 'tmp/pictures/[name].png', '/pictures/[ext]/1': 'tmp/pictures/1.[ext]', '/[DD]/[MM]/[YY]': 'tmp/dates/[DD].[MM].[YY].png', '/mime/': {'path': 'tmp/pictures/1.png', 'mime': 'text/txt'}, '/big': {'path': 'tmp/pictures/chroma.jpg', 'mime': 'image/jpg'}}

During handling of the above exception, another exception occurred:

Traceback (most recent call last):
  File "/Users/irusland/Desktop/UrFU/python/httpserver/httpserver.py", line 95, in serve_client
    res = self.handle_req(req)
  File "/Users/irusland/Desktop/UrFU/python/httpserver/httpserver.py", line 208, in handle_req
    raise Errors.NOT_FOUND
Error: (404, 'Not found', '', 'SERVER_NOT_FOUND')
INFO:root:1214B sent to ('127.0.0.1', 56458)
INFO:root:File sent to ('127.0.0.1', 56458)
INFO:root:1201B sent to ('127.0.0.1', 56458)
INFO:root:File sent to ('127.0.0.1', 56458)
INFO:root:478B sent to ('127.0.0.1', 56458)
INFO:root:File sent to ('127.0.0.1', 56458)
INFO:root:Disconnected ('127.0.0.1', 56458)
INFO:root:Connected ('127.0.0.1', 56459)
INFO:root:Connected ('127.0.0.1', 56460)
INFO:root:Threaded client serving started ('127.0.0.1', 56459)
INFO:root:Got request from ('127.0.0.1', 56459) method: GET
target: /page-load-errors.css
version: HTTP/1.1
headers: Host: 0.0.0.0:8000
Connection: keep-alive
Accept: text/css,*/*;q=0.1
User-Agent: Mozilla/5.0 (Macintosh; Intel Mac OS X 10_15_1) AppleWebKit/605.1.15 (KHTML, like Gecko) Version/13.0.3 Safari/605.1.15
Accept-Language: en-us
Referer: http://0.0.0.0:8000/pasd
Accept-Encoding: gzip, deflate


file: <_io.BufferedReader name=-1>
user: ('127.0.0.1', 56459)
url: ParseResult(scheme='', netloc='', path='/page-load-errors.css', params='', query='', fragment='')
path: /page-load-errors.css
query: {}
INFO:root:Threaded client serving started ('127.0.0.1', 56460)
INFO:root:Got request from ('127.0.0.1', 56460) method: GET
target: /page-load-errors-extras.css
version: HTTP/1.1
headers: Host: 0.0.0.0:8000
Connection: keep-alive
Accept: text/css,*/*;q=0.1
User-Agent: Mozilla/5.0 (Macintosh; Intel Mac OS X 10_15_1) AppleWebKit/605.1.15 (KHTML, like Gecko) Version/13.0.3 Safari/605.1.15
Accept-Language: en-us
Referer: http://0.0.0.0:8000/pasd
Accept-Encoding: gzip, deflate


file: <_io.BufferedReader name=-1>
user: ('127.0.0.1', 56460)
url: ParseResult(scheme='', netloc='', path='/page-load-errors-extras.css', params='', query='', fragment='')
path: /page-load-errors-extras.css
query: {}
INFO:root:processing /page-load-errors-extras.css
INFO:root:path found tmp/pages/css/page-load-errors-extras.css
ERROR:root:(404, 'Not found', '', 'SERVER_NOT_FOUND')
Traceback (most recent call last):
  File "/Users/irusland/Desktop/UrFU/python/httpserver/httpserver.py", line 206, in handle_req
    destination = self.ruler.get_destination(req.path, rules, True)
  File "/Users/irusland/Desktop/UrFU/python/httpserver/ruler.py", line 54, in get_destination
    raise FileNotFoundError(path, url, rule, absolute)
FileNotFoundError: [Errno /Users/irusland/Desktop/UrFU/python/httpserver/tmp/pages/css/page-load-errors-extras.css] /page-load-errors-extras.css: re.compile('/(?P<name>.*)\\.css')

During handling of the above exception, another exception occurred:

Traceback (most recent call last):
  File "/Users/irusland/Desktop/UrFU/python/httpserver/httpserver.py", line 95, in serve_client
    res = self.handle_req(req)
  File "/Users/irusland/Desktop/UrFU/python/httpserver/httpserver.py", line 208, in handle_req
    raise Errors.NOT_FOUND
  File "/Users/irusland/Desktop/UrFU/python/httpserver/httpserver.py", line 95, in serve_client
    res = self.handle_req(req)
  File "/Users/irusland/Desktop/UrFU/python/httpserver/httpserver.py", line 208, in handle_req
    raise Errors.NOT_FOUND
Error: (404, 'Not found', '', 'SERVER_NOT_FOUND')
INFO:root:processing /page-load-errors.css
INFO:root:path found tmp/pages/css/page-load-errors.css
ERROR:root:(404, 'Not found', '', 'SERVER_NOT_FOUND')
Traceback (most recent call last):
  File "/Users/irusland/Desktop/UrFU/python/httpserver/httpserver.py", line 206, in handle_req
    destination = self.ruler.get_destination(req.path, rules, True)
  File "/Users/irusland/Desktop/UrFU/python/httpserver/ruler.py", line 54, in get_destination
    raise FileNotFoundError(path, url, rule, absolute)
FileNotFoundError: [Errno /Users/irusland/Desktop/UrFU/python/httpserver/tmp/pages/css/page-load-errors.css] /page-load-errors.css: re.compile('/(?P<name>.*)\\.css')

During handling of the above exception, another exception occurred:

Traceback (most recent call last):
  File "/Users/irusland/Desktop/UrFU/python/httpserver/httpserver.py", line 95, in serve_client
    res = self.handle_req(req)
  File "/Users/irusland/Desktop/UrFU/python/httpserver/httpserver.py", line 208, in handle_req
    raise Errors.NOT_FOUND
  File "/Users/irusland/Desktop/UrFU/python/httpserver/httpserver.py", line 95, in serve_client
    res = self.handle_req(req)
  File "/Users/irusland/Desktop/UrFU/python/httpserver/httpserver.py", line 208, in handle_req
    raise Errors.NOT_FOUND
  File "/Users/irusland/Desktop/UrFU/python/httpserver/httpserver.py", line 95, in serve_client
    res = self.handle_req(req)
  File "/Users/irusland/Desktop/UrFU/python/httpserver/httpserver.py", line 208, in handle_req
    raise Errors.NOT_FOUND
Error: (404, 'Not found', '', 'SERVER_NOT_FOUND')
INFO:root:1214B sent to ('127.0.0.1', 56460)
INFO:root:File sent to ('127.0.0.1', 56460)
INFO:root:1214B sent to ('127.0.0.1', 56459)
INFO:root:File sent to ('127.0.0.1', 56459)
INFO:root:1201B sent to ('127.0.0.1', 56460)
INFO:root:1201B sent to ('127.0.0.1', 56459)
INFO:root:File sent to ('127.0.0.1', 56460)
INFO:root:File sent to ('127.0.0.1', 56459)
INFO:root:478B sent to ('127.0.0.1', 56459)
INFO:root:File sent to ('127.0.0.1', 56459)
INFO:root:478B sent to ('127.0.0.1', 56460)
INFO:root:Disconnected ('127.0.0.1', 56459)
INFO:root:File sent to ('127.0.0.1', 56460)
INFO:root:Disconnected ('127.0.0.1', 56460)
ERROR:root:
Traceback (most recent call last):
  File "/Users/irusland/Desktop/UrFU/python/httpserver/httpserver.py", line 328, in <module>
    s.serve()
  File "/Users/irusland/Desktop/UrFU/python/httpserver/httpserver.py", line 72, in serve
    poll = self.poller.select(self.refresh_rate)
  File "/usr/local/Cellar/python/3.7.4_1/Frameworks/Python.framework/Versions/3.7/lib/python3.7/selectors.py", line 558, in select
    kev_list = self._selector.control(None, max_ev, timeout)
KeyboardInterrupt
INFO:root:server is DOWN
INFO:root:processing /page-load-errors.css
INFO:root:path found tmp/pages/css/page-load-errors.css
INFO:root:processing /page-load-errors.css
INFO:root:path found tmp/pages/css/page-load-errors.css
INFO:root:processing /page-load-errors.css
INFO:root:path found tmp/pages/css/page-load-errors.css
INFO:root:processing /page-load-errors.css
INFO:root:path found tmp/pages/css/page-load-errors.css
INFO:root:processing /page-load-errors.css
INFO:root:path found tmp/pages/css/page-load-errors.css
INFO:root:processing /page-load-errors.css
INFO:root:path found tmp/pages/css/page-load-errors.css
INFO:root:processing /page-load-errors.css
INFO:root:path found pages/page-load-errors.css
INFO:root:processing /page-load-errors.css
INFO:root:path found pages/page-load-errors.css
INFO:root:server is UP on 0.0.0.0:8000
INFO:root:Connected ('127.0.0.1', 56493)
INFO:root:Threaded client serving started ('127.0.0.1', 56493)
INFO:root:Got request from ('127.0.0.1', 56493) method: GET
target: /pasd
version: HTTP/1.1
headers: Host: 0.0.0.0:8000
Upgrade-Insecure-Requests: 1
Accept: text/html,application/xhtml+xml,application/xml;q=0.9,*/*;q=0.8
User-Agent: Mozilla/5.0 (Macintosh; Intel Mac OS X 10_15_1) AppleWebKit/605.1.15 (KHTML, like Gecko) Version/13.0.3 Safari/605.1.15
Accept-Language: en-us
Accept-Encoding: gzip, deflate
Connection: keep-alive


file: <_io.BufferedReader name=-1>
user: ('127.0.0.1', 56493)
url: ParseResult(scheme='', netloc='', path='/pasd', params='', query='', fragment='')
path: /pasd
query: {}
INFO:root:processing /pasd
ERROR:root:(404, 'Not found', '', 'SERVER_NOT_FOUND')
Traceback (most recent call last):
  File "/Users/irusland/Desktop/UrFU/python/httpserver/httpserver.py", line 206, in handle_req
    destination = self.ruler.get_destination(req.path, rules, True)
  File "/Users/irusland/Desktop/UrFU/python/httpserver/ruler.py", line 55, in get_destination
    raise FileNotFoundError(url, rules)
FileNotFoundError: [Errno /pasd] {'/': 'tmp/index.html', '/favicon.ico': 'tmp/pictures/favicon.ico', '/index.html': 'tmp/index.html', '/2.html': 'tmp/pages/2.html', '/1.2.3.txt': 'tmp/1.2.3.txt', '/page-load-errors[extras].css': 'pages/page-load-errors[extras].css', '/[name].html': 'tmp/pages/[name].html', '/[name].css': 'tmp/pages/css/[name].css', '/[name].[ext]': 'tmp/pictures/[name].[ext]', '/png/[name].png': 'tmp/pictures/[name].png', '/pictures/[ext]/1': 'tmp/pictures/1.[ext]', '/[DD]/[MM]/[YY]': 'tmp/dates/[DD].[MM].[YY].png', '/mime/': {'path': 'tmp/pictures/1.png', 'mime': 'text/txt'}, '/big': {'path': 'tmp/pictures/chroma.jpg', 'mime': 'image/jpg'}}

During handling of the above exception, another exception occurred:

Traceback (most recent call last):
  File "/Users/irusland/Desktop/UrFU/python/httpserver/httpserver.py", line 95, in serve_client
    res = self.handle_req(req)
  File "/Users/irusland/Desktop/UrFU/python/httpserver/httpserver.py", line 208, in handle_req
    raise Errors.NOT_FOUND
Error: (404, 'Not found', '', 'SERVER_NOT_FOUND')
INFO:root:1214B sent to ('127.0.0.1', 56493)
INFO:root:File sent to ('127.0.0.1', 56493)
INFO:root:1201B sent to ('127.0.0.1', 56493)
INFO:root:File sent to ('127.0.0.1', 56493)
INFO:root:478B sent to ('127.0.0.1', 56493)
INFO:root:File sent to ('127.0.0.1', 56493)
INFO:root:Disconnected ('127.0.0.1', 56493)
INFO:root:Connected ('127.0.0.1', 56494)
INFO:root:Connected ('127.0.0.1', 56495)
INFO:root:Got request from ('127.0.0.1', 56494) method: GET
target: /page-load-errors.css
version: HTTP/1.1
headers: Host: 0.0.0.0:8000
Connection: keep-alive
Accept: text/css,*/*;q=0.1
User-Agent: Mozilla/5.0 (Macintosh; Intel Mac OS X 10_15_1) AppleWebKit/605.1.15 (KHTML, like Gecko) Version/13.0.3 Safari/605.1.15
Accept-Language: en-us
Referer: http://0.0.0.0:8000/pasd
Accept-Encoding: gzip, deflate


file: <_io.BufferedReader name=-1>
user: ('127.0.0.1', 56494)
url: ParseResult(scheme='', netloc='', path='/page-load-errors.css', params='', query='', fragment='')
path: /page-load-errors.css
query: {}
INFO:root:Threaded client serving started ('127.0.0.1', 56494)
INFO:root:processing /page-load-errors.css
INFO:root:Got request from ('127.0.0.1', 56495) method: GET
target: /page-load-errors-extras.css
version: HTTP/1.1
headers: Host: 0.0.0.0:8000
Connection: keep-alive
Accept: text/css,*/*;q=0.1
User-Agent: Mozilla/5.0 (Macintosh; Intel Mac OS X 10_15_1) AppleWebKit/605.1.15 (KHTML, like Gecko) Version/13.0.3 Safari/605.1.15
Accept-Language: en-us
Referer: http://0.0.0.0:8000/pasd
Accept-Encoding: gzip, deflate


file: <_io.BufferedReader name=-1>
user: ('127.0.0.1', 56495)
url: ParseResult(scheme='', netloc='', path='/page-load-errors-extras.css', params='', query='', fragment='')
path: /page-load-errors-extras.css
query: {}
INFO:root:Threaded client serving started ('127.0.0.1', 56495)
INFO:root:path found pages/page-load-errors.css
INFO:root:processing /page-load-errors-extras.css
INFO:root:path found pages/page-load-errors-extras.css
INFO:root:/Users/irusland/Desktop/UrFU/python/httpserver/pages/page-load-errors.css type text/x-asm
INFO:root:/Users/irusland/Desktop/UrFU/python/httpserver/pages/page-load-errors-extras.css type text/plain
INFO:root:Response status: 200
reason: OK
headers: [('Content-Type', 'text/x-asm'), ('Content-Disposition', 'inline; filename=page-load-errors.css'), ('Content-Length', 1129)]
body: b'/*\n    This file has a UTF-8 BOM in it so it can be included from a UTF-16 page\n    without specifying an explicit character set. When editing it, please be\n    sure to preserve the BOM (first three bytes of the file, EF BB BF).\n */\n\nbody {\n    background: rgb(246, 246, 246);\n    cursor: default;\n    display: -webkit-box;\n    text-align: center;\n    -webkit-box-align: center;\n    -webkit-box-pack: center;\n    -webkit-user-select: none;\n}\n\na {\n    color: rgb(21, 126, 251);\n   
INFO:root:1256B sent to ('127.0.0.1', 56494)
INFO:root:Response status: 200
reason: OK
headers: [('Content-Type', 'text/plain'), ('Content-Disposition', 'inline; filename=page-load-errors-extras.css'), ('Content-Length', 407)]
body: b'/*\n    This file has a UTF-8 BOM in it so it can be included from a UTF-16 page\n    without specifying an explicit character set. When editing it, please be\n    sure to preserve the BOM (first three bytes of the file, EF BB BF).\n*/\n\n@media (prefers-dark-interface) {\n    body {\n        background: rgb(30, 30, 30);\n    }\n\n    .error-message, .suggestion-prompt {\n        color: rgb(110, 110, 110);\n    }\n}\n\n'
INFO:root:File sent to ('127.0.0.1', 56494)
INFO:root:540B sent to ('127.0.0.1', 56495)
INFO:root:File sent to ('127.0.0.1', 56495)
INFO:root:Disconnected ('127.0.0.1', 56495)
INFO:root:Disconnected ('127.0.0.1', 56494)
INFO:root:Connected ('127.0.0.1', 56497)
INFO:root:Threaded client serving started ('127.0.0.1', 56497)
INFO:root:Got request from ('127.0.0.1', 56497) method: GET
target: /pasd
version: HTTP/1.1
headers: Host: 0.0.0.0:8000
Upgrade-Insecure-Requests: 1
Accept: text/html,application/xhtml+xml,application/xml;q=0.9,*/*;q=0.8
User-Agent: Mozilla/5.0 (Macintosh; Intel Mac OS X 10_15_1) AppleWebKit/605.1.15 (KHTML, like Gecko) Version/13.0.3 Safari/605.1.15
Accept-Language: en-us
Accept-Encoding: gzip, deflate
Connection: keep-alive


file: <_io.BufferedReader name=-1>
user: ('127.0.0.1', 56497)
url: ParseResult(scheme='', netloc='', path='/pasd', params='', query='', fragment='')
path: /pasd
query: {}
INFO:root:processing /pasd
ERROR:root:(404, 'Not found', '', 'SERVER_NOT_FOUND')
Traceback (most recent call last):
  File "/Users/irusland/Desktop/UrFU/python/httpserver/httpserver.py", line 206, in handle_req
    destination = self.ruler.get_destination(req.path, rules, True)
  File "/Users/irusland/Desktop/UrFU/python/httpserver/ruler.py", line 55, in get_destination
    raise FileNotFoundError(url, rules)
FileNotFoundError: [Errno /pasd] {'/': 'tmp/index.html', '/favicon.ico': 'tmp/pictures/favicon.ico', '/index.html': 'tmp/index.html', '/2.html': 'tmp/pages/2.html', '/1.2.3.txt': 'tmp/1.2.3.txt', '/page-load-errors[extras].css': 'pages/page-load-errors[extras].css', '/[name].html': 'tmp/pages/[name].html', '/[name].css': 'tmp/pages/css/[name].css', '/[name].[ext]': 'tmp/pictures/[name].[ext]', '/png/[name].png': 'tmp/pictures/[name].png', '/pictures/[ext]/1': 'tmp/pictures/1.[ext]', '/[DD]/[MM]/[YY]': 'tmp/dates/[DD].[MM].[YY].png', '/mime/': {'path': 'tmp/pictures/1.png', 'mime': 'text/txt'}, '/big': {'path': 'tmp/pictures/chroma.jpg', 'mime': 'image/jpg'}}

During handling of the above exception, another exception occurred:

Traceback (most recent call last):
  File "/Users/irusland/Desktop/UrFU/python/httpserver/httpserver.py", line 95, in serve_client
    res = self.handle_req(req)
  File "/Users/irusland/Desktop/UrFU/python/httpserver/httpserver.py", line 208, in handle_req
    raise Errors.NOT_FOUND
  File "/Users/irusland/Desktop/UrFU/python/httpserver/httpserver.py", line 95, in serve_client
    res = self.handle_req(req)
  File "/Users/irusland/Desktop/UrFU/python/httpserver/httpserver.py", line 208, in handle_req
    raise Errors.NOT_FOUND
Error: (404, 'Not found', '', 'SERVER_NOT_FOUND')
INFO:root:1214B sent to ('127.0.0.1', 56497)
INFO:root:File sent to ('127.0.0.1', 56497)
INFO:root:1201B sent to ('127.0.0.1', 56497)
INFO:root:File sent to ('127.0.0.1', 56497)
INFO:root:478B sent to ('127.0.0.1', 56497)
INFO:root:File sent to ('127.0.0.1', 56497)
INFO:root:Disconnected ('127.0.0.1', 56497)
INFO:root:Connected ('127.0.0.1', 56499)
INFO:root:Connected ('127.0.0.1', 56500)
INFO:root:Got request from ('127.0.0.1', 56499) method: GET
target: /page-load-errors.css
version: HTTP/1.1
headers: Host: 0.0.0.0:8000
Connection: keep-alive
Accept: text/css,*/*;q=0.1
User-Agent: Mozilla/5.0 (Macintosh; Intel Mac OS X 10_15_1) AppleWebKit/605.1.15 (KHTML, like Gecko) Version/13.0.3 Safari/605.1.15
Accept-Language: en-us
Referer: http://0.0.0.0:8000/pasd
Accept-Encoding: gzip, deflate


file: <_io.BufferedReader name=-1>
user: ('127.0.0.1', 56499)
url: ParseResult(scheme='', netloc='', path='/page-load-errors.css', params='', query='', fragment='')
path: /page-load-errors.css
query: {}
INFO:root:Threaded client serving started ('127.0.0.1', 56499)
INFO:root:Got request from ('127.0.0.1', 56500) method: GET
target: /page-load-errors-extras.css
version: HTTP/1.1
headers: Host: 0.0.0.0:8000
Connection: keep-alive
Accept: text/css,*/*;q=0.1
User-Agent: Mozilla/5.0 (Macintosh; Intel Mac OS X 10_15_1) AppleWebKit/605.1.15 (KHTML, like Gecko) Version/13.0.3 Safari/605.1.15
Accept-Language: en-us
Referer: http://0.0.0.0:8000/pasd
Accept-Encoding: gzip, deflate


file: <_io.BufferedReader name=-1>
user: ('127.0.0.1', 56500)
url: ParseResult(scheme='', netloc='', path='/page-load-errors-extras.css', params='', query='', fragment='')
path: /page-load-errors-extras.css
query: {}
INFO:root:Threaded client serving started ('127.0.0.1', 56500)
INFO:root:processing /page-load-errors.css
INFO:root:path found pages/page-load-errors.css
INFO:root:processing /page-load-errors-extras.css
INFO:root:path found pages/page-load-errors-extras.css
INFO:root:/Users/irusland/Desktop/UrFU/python/httpserver/pages/page-load-errors-extras.css type text/plain
INFO:root:/Users/irusland/Desktop/UrFU/python/httpserver/pages/page-load-errors.css type text/x-asm
INFO:root:Response status: 200
reason: OK
headers: [('Content-Type', 'text/plain'), ('Content-Disposition', 'inline; filename=page-load-errors-extras.css'), ('Content-Length', 407)]
body: b'/*\n    This file has a UTF-8 BOM in it so it can be included from a UTF-16 page\n    without specifying an explicit character set. When editing it, please be\n    sure to preserve the BOM (first three bytes of the file, EF BB BF).\n*/\n\n@media (prefers-dark-interface) {\n    body {\n        background: rgb(30, 30, 30);\n    }\n\n    .error-message, .suggestion-prompt {\n        color: rgb(110, 110, 110);\n    }\n}\n\n'
INFO:root:Response status: 200
reason: OK
headers: [('Content-Type', 'text/x-asm'), ('Content-Disposition', 'inline; filename=page-load-errors.css'), ('Content-Length', 1129)]
body: b'/*\n    This file has a UTF-8 BOM in it so it can be included from a UTF-16 page\n    without specifying an explicit character set. When editing it, please be\n    sure to preserve the BOM (first three bytes of the file, EF BB BF).\n */\n\nbody {\n    background: rgb(246, 246, 246);\n    cursor: default;\n    display: -webkit-box;\n    text-align: center;\n    -webkit-box-align: center;\n    -webkit-box-pack: center;\n    -webkit-user-select: none;\n}\n\na {\n    color: rgb(21, 126, 251);\n   
INFO:root:1256B sent to ('127.0.0.1', 56499)
INFO:root:540B sent to ('127.0.0.1', 56500)
INFO:root:File sent to ('127.0.0.1', 56499)
INFO:root:File sent to ('127.0.0.1', 56500)
INFO:root:Disconnected ('127.0.0.1', 56499)
INFO:root:Disconnected ('127.0.0.1', 56500)
ERROR:root:
Traceback (most recent call last):
  File "/Users/irusland/Desktop/UrFU/python/httpserver/httpserver.py", line 328, in <module>
    s.serve()
  File "/Users/irusland/Desktop/UrFU/python/httpserver/httpserver.py", line 72, in serve
    poll = self.poller.select(self.refresh_rate)
  File "/usr/local/Cellar/python/3.7.4_1/Frameworks/Python.framework/Versions/3.7/lib/python3.7/selectors.py", line 558, in select
    kev_list = self._selector.control(None, max_ev, timeout)
KeyboardInterrupt
INFO:root:server is DOWN
INFO:root:server is UP on 0.0.0.0:8000
INFO:root:Connected ('127.0.0.1', 56522)
INFO:root:Threaded client serving started ('127.0.0.1', 56522)
INFO:root:Connected ('127.0.0.1', 56523)
INFO:root:Connected ('127.0.0.1', 56524)
INFO:root:Threaded client serving started ('127.0.0.1', 56523)
INFO:root:Threaded client serving started ('127.0.0.1', 56524)
INFO:root:Got request from ('127.0.0.1', 56522) method: GET
target: /pasd
version: HTTP/1.1
headers: Host: 0.0.0.0:8000
Upgrade-Insecure-Requests: 1
Accept: text/html,application/xhtml+xml,application/xml;q=0.9,*/*;q=0.8
User-Agent: Mozilla/5.0 (Macintosh; Intel Mac OS X 10_15_1) AppleWebKit/605.1.15 (KHTML, like Gecko) Version/13.0.3 Safari/605.1.15
Accept-Language: en-us
Accept-Encoding: gzip, deflate
Connection: keep-alive


file: <_io.BufferedReader name=-1>
user: ('127.0.0.1', 56522)
url: ParseResult(scheme='', netloc='', path='/pasd', params='', query='', fragment='')
path: /pasd
query: {}
INFO:root:Got request from ('127.0.0.1', 56523) method: GET
target: /page-load-errors.css
version: HTTP/1.1
headers: Host: 0.0.0.0:8000
Connection: keep-alive
Accept: text/css,*/*;q=0.1
User-Agent: Mozilla/5.0 (Macintosh; Intel Mac OS X 10_15_1) AppleWebKit/605.1.15 (KHTML, like Gecko) Version/13.0.3 Safari/605.1.15
Accept-Language: en-us
Referer: http://0.0.0.0:8000/pasd
Accept-Encoding: gzip, deflate


file: <_io.BufferedReader name=-1>
user: ('127.0.0.1', 56523)
url: ParseResult(scheme='', netloc='', path='/page-load-errors.css', params='', query='', fragment='')
path: /page-load-errors.css
query: {}
INFO:root:Got request from ('127.0.0.1', 56524) method: GET
target: /page-load-errors-extras.css
version: HTTP/1.1
headers: Host: 0.0.0.0:8000
Connection: keep-alive
Accept: text/css,*/*;q=0.1
User-Agent: Mozilla/5.0 (Macintosh; Intel Mac OS X 10_15_1) AppleWebKit/605.1.15 (KHTML, like Gecko) Version/13.0.3 Safari/605.1.15
Accept-Language: en-us
Referer: http://0.0.0.0:8000/pasd
Accept-Encoding: gzip, deflate


file: <_io.BufferedReader name=-1>
user: ('127.0.0.1', 56524)
url: ParseResult(scheme='', netloc='', path='/page-load-errors-extras.css', params='', query='', fragment='')
path: /page-load-errors-extras.css
query: {}
INFO:root:processing /page-load-errors-extras.css
INFO:root:processing /pasd
INFO:root:path found pages/page-load-errors-extras.css
ERROR:root:(404, 'Not found', '', 'PAGE_NOT_FOUND')
Traceback (most recent call last):
  File "/Users/irusland/Desktop/UrFU/python/httpserver/httpserver.py", line 206, in handle_req
    destination = self.ruler.get_destination(req.path, rules, True)
  File "/Users/irusland/Desktop/UrFU/python/httpserver/ruler.py", line 55, in get_destination
    raise FileNotFoundError(url, rules)
FileNotFoundError: [Errno /pasd] {'/': 'tmp/index.html', '/favicon.ico': 'tmp/pictures/favicon.ico', '/index.html': 'tmp/index.html', '/2.html': 'tmp/pages/2.html', '/1.2.3.txt': 'tmp/1.2.3.txt', '/page-load-errors[extras].css': 'pages/page-load-errors[extras].css', '/[name].html': 'tmp/pages/[name].html', '/[name].css': 'tmp/pages/css/[name].css', '/[name].[ext]': 'tmp/pictures/[name].[ext]', '/png/[name].png': 'tmp/pictures/[name].png', '/pictures/[ext]/1': 'tmp/pictures/1.[ext]', '/[DD]/[MM]/[YY]': 'tmp/dates/[DD].[MM].[YY].png', '/mime/': {'path': 'tmp/pictures/1.png', 'mime': 'text/txt'}, '/big': {'path': 'tmp/pictures/chroma.jpg', 'mime': 'image/jpg'}}

During handling of the above exception, another exception occurred:

Traceback (most recent call last):
  File "/Users/irusland/Desktop/UrFU/python/httpserver/httpserver.py", line 95, in serve_client
    res = self.handle_req(req)
  File "/Users/irusland/Desktop/UrFU/python/httpserver/httpserver.py", line 208, in handle_req
    raise Errors.NOT_FOUND
Error: (404, 'Not found', '', 'PAGE_NOT_FOUND')
INFO:root:processing /page-load-errors.css
INFO:root:path found pages/page-load-errors.css
INFO:root:1089B sent to ('127.0.0.1', 56522)
INFO:root:File sent to ('127.0.0.1', 56522)
INFO:root:1201B sent to ('127.0.0.1', 56522)
INFO:root:File sent to ('127.0.0.1', 56522)
INFO:root:478B sent to ('127.0.0.1', 56522)
INFO:root:File sent to ('127.0.0.1', 56522)
INFO:root:Disconnected ('127.0.0.1', 56522)
INFO:root:Connected ('127.0.0.1', 56525)
INFO:root:Got request from ('127.0.0.1', 56525) method: GET
target: /page-load-errors.css
version: HTTP/1.1
headers: Host: 0.0.0.0:8000
Connection: keep-alive
Accept: text/css,*/*;q=0.1
User-Agent: Mozilla/5.0 (Macintosh; Intel Mac OS X 10_15_1) AppleWebKit/605.1.15 (KHTML, like Gecko) Version/13.0.3 Safari/605.1.15
Accept-Language: en-us
Referer: http://0.0.0.0:8000/pasd
Accept-Encoding: gzip, deflate


file: <_io.BufferedReader name=-1>
user: ('127.0.0.1', 56525)
url: ParseResult(scheme='', netloc='', path='/page-load-errors.css', params='', query='', fragment='')
path: /page-load-errors.css
query: {}
INFO:root:Threaded client serving started ('127.0.0.1', 56525)
INFO:root:Connected ('127.0.0.1', 56526)
INFO:root:processing /page-load-errors.css
INFO:root:path found pages/page-load-errors.css
INFO:root:Threaded client serving started ('127.0.0.1', 56526)
INFO:root:Got request from ('127.0.0.1', 56526) method: GET
target: /page-load-errors-extras.css
version: HTTP/1.1
headers: Host: 0.0.0.0:8000
Connection: keep-alive
Accept: text/css,*/*;q=0.1
User-Agent: Mozilla/5.0 (Macintosh; Intel Mac OS X 10_15_1) AppleWebKit/605.1.15 (KHTML, like Gecko) Version/13.0.3 Safari/605.1.15
Accept-Language: en-us
Referer: http://0.0.0.0:8000/pasd
Accept-Encoding: gzip, deflate


file: <_io.BufferedReader name=-1>
user: ('127.0.0.1', 56526)
url: ParseResult(scheme='', netloc='', path='/page-load-errors-extras.css', params='', query='', fragment='')
path: /page-load-errors-extras.css
query: {}
INFO:root:/Users/irusland/Desktop/UrFU/python/httpserver/pages/page-load-errors-extras.css type text/plain
INFO:root:processing /page-load-errors-extras.css
INFO:root:path found pages/page-load-errors-extras.css
INFO:root:Response status: 200
reason: OK
headers: [('Content-Type', 'text/plain'), ('Content-Disposition', 'inline; filename=page-load-errors-extras.css'), ('Content-Length', 407)]
body: b'/*\n    This file has a UTF-8 BOM in it so it can be included from a UTF-16 page\n    without specifying an explicit character set. When editing it, please be\n    sure to preserve the BOM (first three bytes of the file, EF BB BF).\n*/\n\n@media (prefers-dark-interface) {\n    body {\n        background: rgb(30, 30, 30);\n    }\n\n    .error-message, .suggestion-prompt {\n        color: rgb(110, 110, 110);\n    }\n}\n\n'
INFO:root:/Users/irusland/Desktop/UrFU/python/httpserver/pages/page-load-errors.css type text/x-asm
INFO:root:540B sent to ('127.0.0.1', 56524)
INFO:root:File sent to ('127.0.0.1', 56524)
INFO:root:Disconnected ('127.0.0.1', 56524)
INFO:root:Response status: 200
reason: OK
headers: [('Content-Type', 'text/x-asm'), ('Content-Disposition', 'inline; filename=page-load-errors.css'), ('Content-Length', 1129)]
body: b'/*\n    This file has a UTF-8 BOM in it so it can be included from a UTF-16 page\n    without specifying an explicit character set. When editing it, please be\n    sure to preserve the BOM (first three bytes of the file, EF BB BF).\n */\n\nbody {\n    background: rgb(246, 246, 246);\n    cursor: default;\n    display: -webkit-box;\n    text-align: center;\n    -webkit-box-align: center;\n    -webkit-box-pack: center;\n    -webkit-user-select: none;\n}\n\na {\n    color: rgb(21, 126, 251);\n   
INFO:root:1256B sent to ('127.0.0.1', 56523)
INFO:root:File sent to ('127.0.0.1', 56523)
INFO:root:Disconnected ('127.0.0.1', 56523)
INFO:root:/Users/irusland/Desktop/UrFU/python/httpserver/pages/page-load-errors.css type text/x-asm
INFO:root:Response status: 200
reason: OK
headers: [('Content-Type', 'text/x-asm'), ('Content-Disposition', 'inline; filename=page-load-errors.css'), ('Content-Length', 1129)]
body: b'/*\n    This file has a UTF-8 BOM in it so it can be included from a UTF-16 page\n    without specifying an explicit character set. When editing it, please be\n    sure to preserve the BOM (first three bytes of the file, EF BB BF).\n */\n\nbody {\n    background: rgb(246, 246, 246);\n    cursor: default;\n    display: -webkit-box;\n    text-align: center;\n    -webkit-box-align: center;\n    -webkit-box-pack: center;\n    -webkit-user-select: none;\n}\n\na {\n    color: rgb(21, 126, 251);\n   
INFO:root:/Users/irusland/Desktop/UrFU/python/httpserver/pages/page-load-errors-extras.css type text/plain
INFO:root:1256B sent to ('127.0.0.1', 56525)
INFO:root:File sent to ('127.0.0.1', 56525)
INFO:root:Disconnected ('127.0.0.1', 56525)
INFO:root:Response status: 200
reason: OK
headers: [('Content-Type', 'text/plain'), ('Content-Disposition', 'inline; filename=page-load-errors-extras.css'), ('Content-Length', 407)]
body: b'/*\n    This file has a UTF-8 BOM in it so it can be included from a UTF-16 page\n    without specifying an explicit character set. When editing it, please be\n    sure to preserve the BOM (first three bytes of the file, EF BB BF).\n*/\n\n@media (prefers-dark-interface) {\n    body {\n        background: rgb(30, 30, 30);\n    }\n\n    .error-message, .suggestion-prompt {\n        color: rgb(110, 110, 110);\n    }\n}\n\n'
INFO:root:540B sent to ('127.0.0.1', 56526)
INFO:root:File sent to ('127.0.0.1', 56526)
INFO:root:Disconnected ('127.0.0.1', 56526)
ERROR:root:
Traceback (most recent call last):
  File "/Users/irusland/Desktop/UrFU/python/httpserver/httpserver.py", line 328, in <module>
    s.serve()
  File "/Users/irusland/Desktop/UrFU/python/httpserver/httpserver.py", line 72, in serve
    poll = self.poller.select(self.refresh_rate)
  File "/usr/local/Cellar/python/3.7.4_1/Frameworks/Python.framework/Versions/3.7/lib/python3.7/selectors.py", line 558, in select
    kev_list = self._selector.control(None, max_ev, timeout)
KeyboardInterrupt
INFO:root:server is DOWN
INFO:root:processing /norulefile.py
INFO:root:path found tmp/pictures/norulefile.py
INFO:root:processing /pictures/png/1
INFO:root:path found tmp/pictures/1.png
INFO:root:processing /no.css
INFO:root:path found tmp/pages/css/no.css
INFO:root:processing /mime/
INFO:root:path found tmp/pictures/1.png
INFO:root:processing /index.html
INFO:root:path found tmp/index.html
INFO:root:processing /1.2.3.txt
INFO:root:path found tmp/1.2.3.txt
INFO:root:processing /foo.bar
INFO:root:path found tmp/pictures/foo.bar
INFO:root:processing /any.html
INFO:root:path found tmp/pages/any.html
INFO:root:processing /2.html
INFO:root:path found tmp/pages/2.html
INFO:root:processing /123.css
INFO:root:path found tmp/pages/css/123.css
INFO:root:processing /
INFO:root:path found tmp/index.html
INFO:root:processing /
INFO:root:path found tmp/index.html
INFO:root:/Users/irusland/Desktop/UrFU/python/httpserver/tmp/index.html type text/html
INFO:root:server is UP on 0.0.0.0:8000
ERROR:root:None
NoneType: None
INFO:root:server is DOWN
INFO:root:server is UP on 0.0.0.0:8000
ERROR:root:None
NoneType: None
INFO:root:server is DOWN
INFO:root:processing /norulefile.py
INFO:root:path found tmp/pictures/norulefile.py
INFO:root:processing /pictures/png/1
INFO:root:path found tmp/pictures/1.png
INFO:root:processing /no.css
INFO:root:path found tmp/pages/css/no.css
INFO:root:processing /mime/
INFO:root:path found tmp/pictures/1.png
INFO:root:processing /index.html
INFO:root:path found tmp/index.html
INFO:root:processing /1.2.3.txt
INFO:root:path found tmp/1.2.3.txt
INFO:root:processing /foo.bar
INFO:root:path found tmp/pictures/foo.bar
INFO:root:processing /any.html
INFO:root:path found tmp/pages/any.html
INFO:root:processing /2.html
INFO:root:path found tmp/pages/2.html
INFO:root:processing /123.css
INFO:root:path found tmp/pages/css/123.css
INFO:root:processing /
INFO:root:path found tmp/index.html
INFO:root:processing /
INFO:root:path found tmp/index.html
INFO:root:/Users/irusland/Desktop/UrFU/python/httpserver/tmp/index.html type text/html
INFO:root:server is UP on 0.0.0.0:8000
ERROR:root:None
NoneType: None
INFO:root:server is DOWN
INFO:root:server is UP on 0.0.0.0:8000
ERROR:root:None
NoneType: None
INFO:root:server is DOWN
INFO:root:processing /norulefile.py
INFO:root:path found tmp/pictures/norulefile.py
INFO:root:processing /pictures/png/1
INFO:root:path found tmp/pictures/1.png
INFO:root:processing /no.css
INFO:root:path found tmp/pages/css/no.css
INFO:root:processing /mime/
INFO:root:path found tmp/pictures/1.png
INFO:root:processing /index.html
INFO:root:path found tmp/index.html
INFO:root:processing /1.2.3.txt
INFO:root:path found tmp/1.2.3.txt
INFO:root:processing /foo.bar
INFO:root:path found tmp/pictures/foo.bar
INFO:root:processing /any.html
INFO:root:path found tmp/pages/any.html
INFO:root:processing /2.html
INFO:root:path found tmp/pages/2.html
INFO:root:processing /123.css
INFO:root:path found tmp/pages/css/123.css
INFO:root:processing /
INFO:root:path found tmp/index.html
INFO:root:processing /
INFO:root:path found tmp/index.html
INFO:root:/Users/irusland/Desktop/UrFU/python/httpserver/tmp/index.html type text/html
INFO:root:server is UP on 0.0.0.0:8000
ERROR:root:None
NoneType: None
INFO:root:server is DOWN
INFO:root:server is UP on 0.0.0.0:8000
ERROR:root:None
NoneType: None
INFO:root:server is DOWN
INFO:root:server is UP on 0.0.0.0:8000
INFO:root:Connected ('127.0.0.1', 49553)
INFO:root:Threaded client serving started ('127.0.0.1', 49553)
INFO:root:Got request from ('127.0.0.1', 49553) method: GET
target: /
version: HTTP/1.1
headers: Host: 0.0.0.0
Accept: */*


file: <_io.BufferedReader name=-1>
user: ('127.0.0.1', 49553)
url: ParseResult(scheme='', netloc='', path='/', params='', query='', fragment='')
path: /
query: {}
INFO:root:processing /
INFO:root:path found tmp/index.html
INFO:root:/Users/irusland/Desktop/UrFU/python/httpserver/tmp/index.html type text/html
INFO:root:Response status: 200
reason: OK
headers: [('Content-Type', 'text/html'), ('Content-Disposition', 'inline; filename=index.html'), ('Content-Length', 156)]
body: b'<!DOCTYPE html>\n<html lang="en">\n<head>\n    <meta charset="UTF-8">\n    <title>index.html</title>\n</head>\n<body>\n    <h1>Python Rule it!</h1>\n</body>\n</html>'
INFO:root:271B sent to ('127.0.0.1', 49553)
INFO:root:File sent to ('127.0.0.1', 49553)
INFO:root:Disconnected ('127.0.0.1', 49553)
ERROR:root:test timed out after 10s.
Traceback (most recent call last):
  File "/Users/irusland/Desktop/UrFU/python/httpserver/tests/test_server.py", line 110, in test_serving
    s.serve()
  File "/Users/irusland/Desktop/UrFU/python/httpserver/httpserver.py", line 72, in serve
    poll = self.poller.select(self.refresh_rate)
  File "/usr/local/Cellar/python/3.7.4_1/Frameworks/Python.framework/Versions/3.7/lib/python3.7/selectors.py", line 558, in select
    kev_list = self._selector.control(None, max_ev, timeout)
  File "/Users/irusland/Desktop/UrFU/python/httpserver/tests/test_server.py", line 126, in handle_timeout
    raise TestTimeout(self.error_message)
test_server.TestTimeout: test timed out after 10s.
INFO:root:server is DOWN
INFO:root:processing /norulefile.py
INFO:root:path found tmp/pictures/norulefile.py
INFO:root:processing /pictures/png/1
INFO:root:path found tmp/pictures/1.png
INFO:root:processing /no.css
INFO:root:path found tmp/pages/css/no.css
INFO:root:processing /mime/
INFO:root:path found tmp/pictures/1.png
INFO:root:processing /index.html
INFO:root:path found tmp/index.html
INFO:root:processing /1.2.3.txt
INFO:root:path found tmp/1.2.3.txt
INFO:root:processing /foo.bar
INFO:root:path found tmp/pictures/foo.bar
INFO:root:processing /any.html
INFO:root:path found tmp/pages/any.html
INFO:root:processing /2.html
INFO:root:path found tmp/pages/2.html
INFO:root:processing /123.css
INFO:root:path found tmp/pages/css/123.css
INFO:root:processing /
INFO:root:path found tmp/index.html
INFO:root:processing /
INFO:root:path found tmp/index.html
INFO:root:/Users/irusland/Desktop/UrFU/python/httpserver/tmp/index.html type text/html
INFO:root:server is UP on 0.0.0.0:8000
ERROR:root:None
NoneType: None
INFO:root:server is DOWN
INFO:root:server is UP on 0.0.0.0:8000
ERROR:root:None
NoneType: None
INFO:root:server is DOWN
INFO:root:server is UP on 0.0.0.0:8000
INFO:root:Connected ('127.0.0.1', 49562)
INFO:root:Threaded client serving started ('127.0.0.1', 49562)
INFO:root:Got request from ('127.0.0.1', 49562) method: GET
target: /
version: HTTP/1.1
headers: Host: 0.0.0.0
Accept: */*


file: <_io.BufferedReader name=-1>
user: ('127.0.0.1', 49562)
url: ParseResult(scheme='', netloc='', path='/', params='', query='', fragment='')
path: /
query: {}
INFO:root:processing /
INFO:root:path found tmp/index.html
INFO:root:/Users/irusland/Desktop/UrFU/python/httpserver/tmp/index.html type text/html
INFO:root:Response status: 200
reason: OK
headers: [('Content-Type', 'text/html'), ('Content-Disposition', 'inline; filename=index.html'), ('Content-Length', 156)]
body: b'<!DOCTYPE html>\n<html lang="en">\n<head>\n    <meta charset="UTF-8">\n    <title>index.html</title>\n</head>\n<body>\n    <h1>Python Rule it!</h1>\n</body>\n</html>'
INFO:root:271B sent to ('127.0.0.1', 49562)
INFO:root:File sent to ('127.0.0.1', 49562)
INFO:root:Disconnected ('127.0.0.1', 49562)
ERROR:root:test timed out after 10s.
Traceback (most recent call last):
  File "/Users/irusland/Desktop/UrFU/python/httpserver/tests/test_server.py", line 111, in test_serving
    s.serve()
  File "/Users/irusland/Desktop/UrFU/python/httpserver/httpserver.py", line 72, in serve
    poll = self.poller.select(self.refresh_rate)
  File "/usr/local/Cellar/python/3.7.4_1/Frameworks/Python.framework/Versions/3.7/lib/python3.7/selectors.py", line 558, in select
    kev_list = self._selector.control(None, max_ev, timeout)
  File "/Users/irusland/Desktop/UrFU/python/httpserver/tests/test_server.py", line 127, in handle_timeout
    raise TestTimeout(self.error_message)
test_server.TestTimeout: test timed out after 10s.
INFO:root:server is DOWN
INFO:root:processing /norulefile.py
INFO:root:path found tmp/pictures/norulefile.py
INFO:root:processing /pictures/png/1
INFO:root:path found tmp/pictures/1.png
INFO:root:processing /no.css
INFO:root:path found tmp/pages/css/no.css
INFO:root:processing /mime/
INFO:root:path found tmp/pictures/1.png
INFO:root:processing /index.html
INFO:root:path found tmp/index.html
INFO:root:processing /1.2.3.txt
INFO:root:path found tmp/1.2.3.txt
INFO:root:processing /foo.bar
INFO:root:path found tmp/pictures/foo.bar
INFO:root:processing /any.html
INFO:root:path found tmp/pages/any.html
INFO:root:processing /2.html
INFO:root:path found tmp/pages/2.html
INFO:root:processing /123.css
INFO:root:path found tmp/pages/css/123.css
INFO:root:processing /
INFO:root:path found tmp/index.html
INFO:root:processing /
INFO:root:path found tmp/index.html
INFO:root:/Users/irusland/Desktop/UrFU/python/httpserver/tmp/index.html type text/html
INFO:root:server is UP on 0.0.0.0:8000
ERROR:root:None
NoneType: None
INFO:root:server is DOWN
INFO:root:server is UP on 0.0.0.0:8000
ERROR:root:None
NoneType: None
INFO:root:server is DOWN
INFO:root:server is UP on 0.0.0.0:8000
INFO:root:Connected ('127.0.0.1', 49568)
INFO:root:Threaded client serving started ('127.0.0.1', 49568)
INFO:root:Got request from ('127.0.0.1', 49568) method: GET
target: /
version: HTTP/1.1
headers: Host: 0.0.0.0
Accept: */*


file: <_io.BufferedReader name=-1>
user: ('127.0.0.1', 49568)
url: ParseResult(scheme='', netloc='', path='/', params='', query='', fragment='')
path: /
query: {}
INFO:root:processing /
INFO:root:path found tmp/index.html
INFO:root:/Users/irusland/Desktop/UrFU/python/httpserver/tmp/index.html type text/html
INFO:root:Response status: 200
reason: OK
headers: [('Content-Type', 'text/html'), ('Content-Disposition', 'inline; filename=index.html'), ('Content-Length', 156)]
body: b'<!DOCTYPE html>\n<html lang="en">\n<head>\n    <meta charset="UTF-8">\n    <title>index.html</title>\n</head>\n<body>\n    <h1>Python Rule it!</h1>\n</body>\n</html>'
INFO:root:271B sent to ('127.0.0.1', 49568)
INFO:root:File sent to ('127.0.0.1', 49568)
INFO:root:Disconnected ('127.0.0.1', 49568)
ERROR:root:
Traceback (most recent call last):
  File "/Users/irusland/Desktop/UrFU/python/httpserver/tests/test_server.py", line 111, in test_serving
    s.serve()
  File "/Users/irusland/Desktop/UrFU/python/httpserver/httpserver.py", line 72, in serve
    poll = self.poller.select(self.refresh_rate)
  File "/usr/local/Cellar/python/3.7.4_1/Frameworks/Python.framework/Versions/3.7/lib/python3.7/selectors.py", line 558, in select
    kev_list = self._selector.control(None, max_ev, timeout)
KeyboardInterrupt
INFO:root:server is DOWN
INFO:root:processing /norulefile.py
INFO:root:path found tmp/pictures/norulefile.py
INFO:root:processing /pictures/png/1
INFO:root:path found tmp/pictures/1.png
INFO:root:processing /no.css
INFO:root:path found tmp/pages/css/no.css
INFO:root:processing /mime/
INFO:root:path found tmp/pictures/1.png
INFO:root:processing /index.html
INFO:root:path found tmp/index.html
INFO:root:processing /1.2.3.txt
INFO:root:path found tmp/1.2.3.txt
INFO:root:processing /foo.bar
INFO:root:path found tmp/pictures/foo.bar
INFO:root:processing /any.html
INFO:root:path found tmp/pages/any.html
INFO:root:processing /2.html
INFO:root:path found tmp/pages/2.html
INFO:root:processing /123.css
INFO:root:path found tmp/pages/css/123.css
INFO:root:processing /
INFO:root:path found tmp/index.html
INFO:root:processing /
INFO:root:path found tmp/index.html
INFO:root:/Users/irusland/Desktop/UrFU/python/httpserver/tmp/index.html type text/html
INFO:root:server is UP on 0.0.0.0:8000
ERROR:root:None
NoneType: None
INFO:root:server is DOWN
INFO:root:server is UP on 0.0.0.0:8000
ERROR:root:None
NoneType: None
INFO:root:server is DOWN
INFO:root:server is UP on 0.0.0.0:8000
INFO:root:Connected ('127.0.0.1', 49576)
INFO:root:Threaded client serving started ('127.0.0.1', 49576)
INFO:root:Got request from ('127.0.0.1', 49576) method: GET
target: /
version: HTTP/1.1
headers: Host: 0.0.0.0
Accept: */*


file: <_io.BufferedReader name=-1>
user: ('127.0.0.1', 49576)
url: ParseResult(scheme='', netloc='', path='/', params='', query='', fragment='')
path: /
query: {}
INFO:root:processing /
INFO:root:path found tmp/index.html
INFO:root:/Users/irusland/Desktop/UrFU/python/httpserver/tmp/index.html type text/html
INFO:root:Response status: 200
reason: OK
headers: [('Content-Type', 'text/html'), ('Content-Disposition', 'inline; filename=index.html'), ('Content-Length', 156)]
body: b'<!DOCTYPE html>\n<html lang="en">\n<head>\n    <meta charset="UTF-8">\n    <title>index.html</title>\n</head>\n<body>\n    <h1>Python Rule it!</h1>\n</body>\n</html>'
INFO:root:271B sent to ('127.0.0.1', 49576)
INFO:root:File sent to ('127.0.0.1', 49576)
INFO:root:Disconnected ('127.0.0.1', 49576)
ERROR:root:test timed out after 5s.
Traceback (most recent call last):
  File "/Users/irusland/Desktop/UrFU/python/httpserver/tests/test_server.py", line 111, in test_serving
    s.serve()
  File "/Users/irusland/Desktop/UrFU/python/httpserver/httpserver.py", line 72, in serve
    poll = self.poller.select(self.refresh_rate)
  File "/usr/local/Cellar/python/3.7.4_1/Frameworks/Python.framework/Versions/3.7/lib/python3.7/selectors.py", line 558, in select
    kev_list = self._selector.control(None, max_ev, timeout)
  File "/Users/irusland/Desktop/UrFU/python/httpserver/tests/test_server.py", line 127, in handle_timeout
    raise TestTimeout(self.error_message)
test_server.TestTimeout: test timed out after 5s.
INFO:root:server is DOWN
INFO:root:processing /norulefile.py
INFO:root:path found tmp/pictures/norulefile.py
INFO:root:processing /pictures/png/1
INFO:root:path found tmp/pictures/1.png
INFO:root:processing /no.css
INFO:root:path found tmp/pages/css/no.css
INFO:root:processing /mime/
INFO:root:path found tmp/pictures/1.png
INFO:root:processing /index.html
INFO:root:path found tmp/index.html
INFO:root:processing /1.2.3.txt
INFO:root:path found tmp/1.2.3.txt
INFO:root:processing /foo.bar
INFO:root:path found tmp/pictures/foo.bar
INFO:root:processing /any.html
INFO:root:path found tmp/pages/any.html
INFO:root:processing /2.html
INFO:root:path found tmp/pages/2.html
INFO:root:processing /123.css
INFO:root:path found tmp/pages/css/123.css
INFO:root:processing /
INFO:root:path found tmp/index.html
INFO:root:processing /
INFO:root:path found tmp/index.html
INFO:root:/Users/irusland/Desktop/UrFU/python/httpserver/tmp/index.html type text/html
INFO:root:server is UP on 0.0.0.0:8000
ERROR:root:None
NoneType: None
INFO:root:server is DOWN
INFO:root:server is UP on 0.0.0.0:8000
ERROR:root:None
NoneType: None
INFO:root:server is DOWN
INFO:root:server is UP on 0.0.0.0:8000
INFO:root:Connected ('127.0.0.1', 49622)
INFO:root:Threaded client serving started ('127.0.0.1', 49622)
INFO:root:Got request from ('127.0.0.1', 49622) method: GET
target: /
version: HTTP/1.1
headers: Host: 0.0.0.0
Accept: */*


file: <_io.BufferedReader name=-1>
user: ('127.0.0.1', 49622)
url: ParseResult(scheme='', netloc='', path='/', params='', query='', fragment='')
path: /
query: {}
INFO:root:processing /
INFO:root:path found tmp/index.html
INFO:root:/Users/irusland/Desktop/UrFU/python/httpserver/tmp/index.html type text/html
INFO:root:Response status: 200
reason: OK
headers: [('Content-Type', 'text/html'), ('Content-Disposition', 'inline; filename=index.html'), ('Content-Length', 156)]
body: b'<!DOCTYPE html>\n<html lang="en">\n<head>\n    <meta charset="UTF-8">\n    <title>index.html</title>\n</head>\n<body>\n    <h1>Python Rule it!</h1>\n</body>\n</html>'
INFO:root:271B sent to ('127.0.0.1', 49622)
INFO:root:File sent to ('127.0.0.1', 49622)
INFO:root:Disconnected ('127.0.0.1', 49622)
ERROR:root:None
NoneType: None
INFO:root:server is DOWN
INFO:root:processing /norulefile.py
INFO:root:path found tmp/pictures/norulefile.py
INFO:root:processing /pictures/png/1
INFO:root:path found tmp/pictures/1.png
INFO:root:processing /no.css
INFO:root:path found tmp/pages/css/no.css
INFO:root:processing /mime/
INFO:root:path found tmp/pictures/1.png
INFO:root:processing /index.html
INFO:root:path found tmp/index.html
INFO:root:processing /1.2.3.txt
INFO:root:path found tmp/1.2.3.txt
INFO:root:processing /foo.bar
INFO:root:path found tmp/pictures/foo.bar
INFO:root:processing /any.html
INFO:root:path found tmp/pages/any.html
INFO:root:processing /2.html
INFO:root:path found tmp/pages/2.html
INFO:root:processing /123.css
INFO:root:path found tmp/pages/css/123.css
INFO:root:processing /
INFO:root:path found tmp/index.html
INFO:root:processing /
INFO:root:path found tmp/index.html
INFO:root:/Users/irusland/Desktop/UrFU/python/httpserver/tmp/index.html type text/html
INFO:root:server is UP on 0.0.0.0:8000
ERROR:root:None
NoneType: None
INFO:root:server is DOWN
INFO:root:server is UP on 0.0.0.0:8000
ERROR:root:None
NoneType: None
INFO:root:server is DOWN
INFO:root:server is UP on 0.0.0.0:8000
INFO:root:Connected ('127.0.0.1', 49627)
INFO:root:Threaded client serving started ('127.0.0.1', 49627)
INFO:root:Got request from ('127.0.0.1', 49627) method: GET
target: /
version: HTTP/1.1
headers: Host: 0.0.0.0
Accept: */*


file: <_io.BufferedReader name=-1>
user: ('127.0.0.1', 49627)
url: ParseResult(scheme='', netloc='', path='/', params='', query='', fragment='')
path: /
query: {}
INFO:root:processing /
INFO:root:path found tmp/index.html
INFO:root:/Users/irusland/Desktop/UrFU/python/httpserver/tmp/index.html type text/html
INFO:root:Response status: 200
reason: OK
headers: [('Content-Type', 'text/html'), ('Content-Disposition', 'inline; filename=index.html'), ('Content-Length', 156)]
body: b'<!DOCTYPE html>\n<html lang="en">\n<head>\n    <meta charset="UTF-8">\n    <title>index.html</title>\n</head>\n<body>\n    <h1>Python Rule it!</h1>\n</body>\n</html>'
INFO:root:271B sent to ('127.0.0.1', 49627)
INFO:root:File sent to ('127.0.0.1', 49627)
INFO:root:Disconnected ('127.0.0.1', 49627)
ERROR:root:None
NoneType: None
INFO:root:server is DOWN
INFO:root:processing /norulefile.py
INFO:root:path found tmp/pictures/norulefile.py
INFO:root:processing /pictures/png/1
INFO:root:path found tmp/pictures/1.png
INFO:root:processing /no.css
INFO:root:path found tmp/pages/css/no.css
INFO:root:processing /mime/
INFO:root:path found tmp/pictures/1.png
INFO:root:processing /index.html
INFO:root:path found tmp/index.html
INFO:root:processing /1.2.3.txt
INFO:root:path found tmp/1.2.3.txt
INFO:root:processing /foo.bar
INFO:root:path found tmp/pictures/foo.bar
INFO:root:processing /any.html
INFO:root:path found tmp/pages/any.html
INFO:root:processing /2.html
INFO:root:path found tmp/pages/2.html
INFO:root:processing /123.css
INFO:root:path found tmp/pages/css/123.css
INFO:root:processing /
INFO:root:path found tmp/index.html
INFO:root:processing /
INFO:root:path found tmp/index.html
INFO:root:/Users/irusland/Desktop/UrFU/python/httpserver/tmp/index.html type text/html
INFO:root:server is UP on 0.0.0.0:8000
ERROR:root:None
NoneType: None
INFO:root:server is DOWN
INFO:root:server is UP on 0.0.0.0:8000
ERROR:root:None
NoneType: None
INFO:root:server is DOWN
INFO:root:server is UP on 0.0.0.0:8000
INFO:root:Connected ('127.0.0.1', 49636)
INFO:root:Threaded client serving started ('127.0.0.1', 49636)
INFO:root:Got request from ('127.0.0.1', 49636) method: GET
target: /
version: HTTP/1.1
headers: Host: 0.0.0.0
Accept: */*


file: <_io.BufferedReader name=-1>
user: ('127.0.0.1', 49636)
url: ParseResult(scheme='', netloc='', path='/', params='', query='', fragment='')
path: /
query: {}
INFO:root:processing /
INFO:root:path found tmp/index.html
INFO:root:/Users/irusland/Desktop/UrFU/python/httpserver/tmp/index.html type text/html
INFO:root:Response status: 200
reason: OK
headers: [('Content-Type', 'text/html'), ('Content-Disposition', 'inline; filename=index.html'), ('Content-Length', 156)]
body: b'<!DOCTYPE html>\n<html lang="en">\n<head>\n    <meta charset="UTF-8">\n    <title>index.html</title>\n</head>\n<body>\n    <h1>Python Rule it!</h1>\n</body>\n</html>'
INFO:root:271B sent to ('127.0.0.1', 49636)
INFO:root:File sent to ('127.0.0.1', 49636)
INFO:root:Disconnected ('127.0.0.1', 49636)
ERROR:root:
Traceback (most recent call last):
  File "/Users/irusland/Desktop/UrFU/python/httpserver/tests/test_server.py", line 113, in test_serving
    s.serve()
  File "/Users/irusland/Desktop/UrFU/python/httpserver/httpserver.py", line 72, in serve
    poll = self.poller.select(self.refresh_rate)
  File "/usr/local/Cellar/python/3.7.4_1/Frameworks/Python.framework/Versions/3.7/lib/python3.7/selectors.py", line 558, in select
    kev_list = self._selector.control(None, max_ev, timeout)
KeyboardInterrupt
INFO:root:server is DOWN
INFO:root:processing /norulefile.py
INFO:root:path found tmp/pictures/norulefile.py
INFO:root:processing /pictures/png/1
INFO:root:path found tmp/pictures/1.png
INFO:root:processing /no.css
INFO:root:path found tmp/pages/css/no.css
INFO:root:processing /mime/
INFO:root:path found tmp/pictures/1.png
INFO:root:processing /index.html
INFO:root:path found tmp/index.html
INFO:root:processing /1.2.3.txt
INFO:root:path found tmp/1.2.3.txt
INFO:root:processing /foo.bar
INFO:root:path found tmp/pictures/foo.bar
INFO:root:processing /any.html
INFO:root:path found tmp/pages/any.html
INFO:root:processing /2.html
INFO:root:path found tmp/pages/2.html
INFO:root:processing /123.css
INFO:root:path found tmp/pages/css/123.css
INFO:root:processing /
INFO:root:path found tmp/index.html
INFO:root:processing /
INFO:root:path found tmp/index.html
INFO:root:/Users/irusland/Desktop/UrFU/python/httpserver/tmp/index.html type text/html
INFO:root:server is UP on 0.0.0.0:8000
ERROR:root:None
NoneType: None
INFO:root:server is DOWN
INFO:root:server is UP on 0.0.0.0:8000
ERROR:root:None
NoneType: None
INFO:root:server is DOWN
INFO:root:server is UP on 0.0.0.0:8000
INFO:root:Connected ('127.0.0.1', 49643)
INFO:root:Threaded client serving started ('127.0.0.1', 49643)
INFO:root:Got request from ('127.0.0.1', 49643) method: GET
target: /
version: HTTP/1.1
headers: Host: 0.0.0.0
Accept: */*


file: <_io.BufferedReader name=-1>
user: ('127.0.0.1', 49643)
url: ParseResult(scheme='', netloc='', path='/', params='', query='', fragment='')
path: /
query: {}
INFO:root:processing /
INFO:root:path found tmp/index.html
INFO:root:/Users/irusland/Desktop/UrFU/python/httpserver/tmp/index.html type text/html
INFO:root:Response status: 200
reason: OK
headers: [('Content-Type', 'text/html'), ('Content-Disposition', 'inline; filename=index.html'), ('Content-Length', 156)]
body: b'<!DOCTYPE html>\n<html lang="en">\n<head>\n    <meta charset="UTF-8">\n    <title>index.html</title>\n</head>\n<body>\n    <h1>Python Rule it!</h1>\n</body>\n</html>'
INFO:root:271B sent to ('127.0.0.1', 49643)
INFO:root:File sent to ('127.0.0.1', 49643)
INFO:root:Disconnected ('127.0.0.1', 49643)
ERROR:root:None
NoneType: None
INFO:root:server is DOWN
INFO:root:processing /norulefile.py
INFO:root:path found tmp/pictures/norulefile.py
INFO:root:processing /pictures/png/1
INFO:root:path found tmp/pictures/1.png
INFO:root:processing /no.css
INFO:root:path found tmp/pages/css/no.css
INFO:root:processing /mime/
INFO:root:path found tmp/pictures/1.png
INFO:root:processing /index.html
INFO:root:path found tmp/index.html
INFO:root:processing /1.2.3.txt
INFO:root:path found tmp/1.2.3.txt
INFO:root:processing /foo.bar
INFO:root:path found tmp/pictures/foo.bar
INFO:root:processing /any.html
INFO:root:path found tmp/pages/any.html
INFO:root:processing /2.html
INFO:root:path found tmp/pages/2.html
INFO:root:processing /123.css
INFO:root:path found tmp/pages/css/123.css
INFO:root:processing /
INFO:root:path found tmp/index.html
INFO:root:processing /
INFO:root:path found tmp/index.html
INFO:root:/Users/irusland/Desktop/UrFU/python/httpserver/tmp/index.html type text/html
INFO:root:server is UP on 0.0.0.0:8000
ERROR:root:None
NoneType: None
INFO:root:server is DOWN
INFO:root:server is UP on 0.0.0.0:8000
ERROR:root:None
NoneType: None
INFO:root:server is DOWN
INFO:root:server is UP on 0.0.0.0:8000
INFO:root:Connected ('127.0.0.1', 49944)
INFO:root:Threaded client serving started ('127.0.0.1', 49944)
INFO:root:Got request from ('127.0.0.1', 49944) method: GET
target: /
version: HTTP/1.1
headers: Host: 0.0.0.0
Accept: */*


file: <_io.BufferedReader name=-1>
user: ('127.0.0.1', 49944)
url: ParseResult(scheme='', netloc='', path='/', params='', query='', fragment='')
path: /
query: {}
INFO:root:processing /
INFO:root:path found tmp/index.html
INFO:root:/Users/irusland/Desktop/UrFU/python/httpserver/tmp/index.html type text/html
INFO:root:Response status: 200
reason: OK
headers: [('Content-Type', 'text/html'), ('Content-Disposition', 'inline; filename=index.html'), ('Content-Length', 156)]
body: b'<!DOCTYPE html>\n<html lang="en">\n<head>\n    <meta charset="UTF-8">\n    <title>index.html</title>\n</head>\n<body>\n    <h1>Python Rule it!</h1>\n</body>\n</html>'
INFO:root:271B sent to ('127.0.0.1', 49944)
INFO:root:File sent to ('127.0.0.1', 49944)
INFO:root:Disconnected ('127.0.0.1', 49944)
ERROR:root:timed out
Traceback (most recent call last):
  File "/Users/irusland/Desktop/UrFU/python/httpserver/tests/test_server.py", line 119, in test_serving
    return_value = future.result()
  File "/usr/local/Cellar/python/3.7.4_1/Frameworks/Python.framework/Versions/3.7/lib/python3.7/concurrent/futures/_base.py", line 428, in result
    return self.__get_result()
  File "/usr/local/Cellar/python/3.7.4_1/Frameworks/Python.framework/Versions/3.7/lib/python3.7/concurrent/futures/_base.py", line 384, in __get_result
    raise self._exception
  File "/usr/local/Cellar/python/3.7.4_1/Frameworks/Python.framework/Versions/3.7/lib/python3.7/concurrent/futures/thread.py", line 57, in run
    result = self.fn(*self.args, **self.kwargs)
  File "/Users/irusland/Desktop/UrFU/python/httpserver/tests/test_server.py", line 92, in send_req_and_shutdown
    line = s.recv(Server.MAX_LINE)
socket.timeout: timed out
INFO:root:server is DOWN
INFO:root:processing /norulefile.py
INFO:root:path found tmp/pictures/norulefile.py
INFO:root:processing /pictures/png/1
INFO:root:path found tmp/pictures/1.png
INFO:root:processing /no.css
INFO:root:path found tmp/pages/css/no.css
INFO:root:processing /mime/
INFO:root:path found tmp/pictures/1.png
INFO:root:processing /index.html
INFO:root:path found tmp/index.html
INFO:root:processing /1.2.3.txt
INFO:root:path found tmp/1.2.3.txt
INFO:root:processing /foo.bar
INFO:root:path found tmp/pictures/foo.bar
INFO:root:processing /any.html
INFO:root:path found tmp/pages/any.html
INFO:root:processing /2.html
INFO:root:path found tmp/pages/2.html
INFO:root:processing /123.css
INFO:root:path found tmp/pages/css/123.css
INFO:root:processing /
INFO:root:path found tmp/index.html
INFO:root:processing /
INFO:root:path found tmp/index.html
INFO:root:/Users/irusland/Desktop/UrFU/python/httpserver/tmp/index.html type text/html
INFO:root:server is UP on 0.0.0.0:8000
ERROR:root:None
NoneType: None
INFO:root:server is DOWN
INFO:root:server is UP on 0.0.0.0:8000
ERROR:root:None
NoneType: None
INFO:root:server is DOWN
INFO:root:server is UP on 0.0.0.0:8000
INFO:root:Connected ('127.0.0.1', 49954)
INFO:root:Threaded client serving started ('127.0.0.1', 49954)
INFO:root:Got request from ('127.0.0.1', 49954) method: GET
target: /
version: HTTP/1.1
headers: Host: 0.0.0.0
Accept: */*


file: <_io.BufferedReader name=-1>
user: ('127.0.0.1', 49954)
url: ParseResult(scheme='', netloc='', path='/', params='', query='', fragment='')
path: /
query: {}
INFO:root:processing /
INFO:root:path found tmp/index.html
INFO:root:/Users/irusland/Desktop/UrFU/python/httpserver/tmp/index.html type text/html
INFO:root:Response status: 200
reason: OK
headers: [('Content-Type', 'text/html'), ('Content-Disposition', 'inline; filename=index.html'), ('Content-Length', 156)]
body: b'<!DOCTYPE html>\n<html lang="en">\n<head>\n    <meta charset="UTF-8">\n    <title>index.html</title>\n</head>\n<body>\n    <h1>Python Rule it!</h1>\n</body>\n</html>'
INFO:root:271B sent to ('127.0.0.1', 49954)
INFO:root:File sent to ('127.0.0.1', 49954)
INFO:root:Disconnected ('127.0.0.1', 49954)
ERROR:root:timed out
Traceback (most recent call last):
  File "/Users/irusland/Desktop/UrFU/python/httpserver/tests/test_server.py", line 118, in test_serving
    return_value = future.result()
  File "/usr/local/Cellar/python/3.7.4_1/Frameworks/Python.framework/Versions/3.7/lib/python3.7/concurrent/futures/_base.py", line 428, in result
    return self.__get_result()
  File "/usr/local/Cellar/python/3.7.4_1/Frameworks/Python.framework/Versions/3.7/lib/python3.7/concurrent/futures/_base.py", line 384, in __get_result
    raise self._exception
  File "/usr/local/Cellar/python/3.7.4_1/Frameworks/Python.framework/Versions/3.7/lib/python3.7/concurrent/futures/thread.py", line 57, in run
    result = self.fn(*self.args, **self.kwargs)
  File "/Users/irusland/Desktop/UrFU/python/httpserver/tests/test_server.py", line 92, in send_req_and_shutdown
    line = s.recv(Server.MAX_LINE)
socket.timeout: timed out
INFO:root:server is DOWN
INFO:root:processing /norulefile.py
INFO:root:path found tmp/pictures/norulefile.py
INFO:root:processing /pictures/png/1
INFO:root:path found tmp/pictures/1.png
INFO:root:processing /no.css
INFO:root:path found tmp/pages/css/no.css
INFO:root:processing /mime/
INFO:root:path found tmp/pictures/1.png
INFO:root:processing /index.html
INFO:root:path found tmp/index.html
INFO:root:processing /1.2.3.txt
INFO:root:path found tmp/1.2.3.txt
INFO:root:processing /foo.bar
INFO:root:path found tmp/pictures/foo.bar
INFO:root:processing /any.html
INFO:root:path found tmp/pages/any.html
INFO:root:processing /2.html
INFO:root:path found tmp/pages/2.html
INFO:root:processing /123.css
INFO:root:path found tmp/pages/css/123.css
INFO:root:processing /
INFO:root:path found tmp/index.html
INFO:root:processing /
INFO:root:path found tmp/index.html
INFO:root:/Users/irusland/Desktop/UrFU/python/httpserver/tmp/index.html type text/html
INFO:root:server is UP on 0.0.0.0:8000
ERROR:root:None
NoneType: None
INFO:root:server is DOWN
INFO:root:server is UP on 0.0.0.0:8000
ERROR:root:None
NoneType: None
INFO:root:server is DOWN
INFO:root:server is UP on 0.0.0.0:8000
ERROR:root:timed out
Traceback (most recent call last):
  File "/Users/irusland/Desktop/UrFU/python/httpserver/tests/test_server.py", line 113, in test_serving
    return_value = future.result()
  File "/usr/local/Cellar/python/3.7.4_1/Frameworks/Python.framework/Versions/3.7/lib/python3.7/concurrent/futures/_base.py", line 435, in result
    return self.__get_result()
  File "/usr/local/Cellar/python/3.7.4_1/Frameworks/Python.framework/Versions/3.7/lib/python3.7/concurrent/futures/_base.py", line 384, in __get_result
    raise self._exception
  File "/usr/local/Cellar/python/3.7.4_1/Frameworks/Python.framework/Versions/3.7/lib/python3.7/concurrent/futures/thread.py", line 57, in run
    result = self.fn(*self.args, **self.kwargs)
  File "/Users/irusland/Desktop/UrFU/python/httpserver/tests/test_server.py", line 92, in send_req_and_shutdown
    line = s.recv(Server.MAX_LINE)
socket.timeout: timed out
INFO:root:server is DOWN
INFO:root:processing /norulefile.py
INFO:root:path found tmp/pictures/norulefile.py
INFO:root:processing /pictures/png/1
INFO:root:path found tmp/pictures/1.png
INFO:root:processing /no.css
INFO:root:path found tmp/pages/css/no.css
INFO:root:processing /mime/
INFO:root:path found tmp/pictures/1.png
INFO:root:processing /index.html
INFO:root:path found tmp/index.html
INFO:root:processing /1.2.3.txt
INFO:root:path found tmp/1.2.3.txt
INFO:root:processing /foo.bar
INFO:root:path found tmp/pictures/foo.bar
INFO:root:processing /any.html
INFO:root:path found tmp/pages/any.html
INFO:root:processing /2.html
INFO:root:path found tmp/pages/2.html
INFO:root:processing /123.css
INFO:root:path found tmp/pages/css/123.css
INFO:root:processing /
INFO:root:path found tmp/index.html
INFO:root:processing /
INFO:root:path found tmp/index.html
INFO:root:/Users/irusland/Desktop/UrFU/python/httpserver/tmp/index.html type text/html
INFO:root:server is UP on 0.0.0.0:8000
ERROR:root:None
NoneType: None
INFO:root:server is DOWN
INFO:root:server is UP on 0.0.0.0:8000
ERROR:root:None
NoneType: None
INFO:root:server is DOWN
INFO:root:server is UP on 0.0.0.0:8000
INFO:root:Connected ('127.0.0.1', 49966)
INFO:root:Threaded client serving started ('127.0.0.1', 49966)
INFO:root:Got request from ('127.0.0.1', 49966) method: GET
target: /
version: HTTP/1.1
headers: Host: 0.0.0.0
Accept: */*


file: <_io.BufferedReader name=-1>
user: ('127.0.0.1', 49966)
url: ParseResult(scheme='', netloc='', path='/', params='', query='', fragment='')
path: /
query: {}
INFO:root:processing /
INFO:root:path found tmp/index.html
INFO:root:/Users/irusland/Desktop/UrFU/python/httpserver/tmp/index.html type text/html
INFO:root:Response status: 200
reason: OK
headers: [('Content-Type', 'text/html'), ('Content-Disposition', 'inline; filename=index.html'), ('Content-Length', 156)]
body: b'<!DOCTYPE html>\n<html lang="en">\n<head>\n    <meta charset="UTF-8">\n    <title>index.html</title>\n</head>\n<body>\n    <h1>Python Rule it!</h1>\n</body>\n</html>'
INFO:root:271B sent to ('127.0.0.1', 49966)
INFO:root:File sent to ('127.0.0.1', 49966)
INFO:root:Disconnected ('127.0.0.1', 49966)
ERROR:root:None
NoneType: None
INFO:root:server is DOWN
INFO:root:processing /norulefile.py
INFO:root:path found tmp/pictures/norulefile.py
INFO:root:processing /pictures/png/1
INFO:root:path found tmp/pictures/1.png
INFO:root:processing /no.css
INFO:root:path found tmp/pages/css/no.css
INFO:root:processing /mime/
INFO:root:path found tmp/pictures/1.png
INFO:root:processing /index.html
INFO:root:path found tmp/index.html
INFO:root:processing /1.2.3.txt
INFO:root:path found tmp/1.2.3.txt
INFO:root:processing /foo.bar
INFO:root:path found tmp/pictures/foo.bar
INFO:root:processing /any.html
INFO:root:path found tmp/pages/any.html
INFO:root:processing /2.html
INFO:root:path found tmp/pages/2.html
INFO:root:processing /123.css
INFO:root:path found tmp/pages/css/123.css
INFO:root:processing /
INFO:root:path found tmp/index.html
INFO:root:processing /
INFO:root:path found tmp/index.html
INFO:root:/Users/irusland/Desktop/UrFU/python/httpserver/tmp/index.html type text/html
INFO:root:server is UP on 0.0.0.0:8000
ERROR:root:None
NoneType: None
INFO:root:server is DOWN
INFO:root:server is UP on 0.0.0.0:8000
ERROR:root:None
NoneType: None
INFO:root:server is DOWN
INFO:root:server is UP on 0.0.0.0:8000
INFO:root:Connected ('127.0.0.1', 49972)
INFO:root:Threaded client serving started ('127.0.0.1', 49972)
INFO:root:Got request from ('127.0.0.1', 49972) method: GET
target: /
version: HTTP/1.1
headers: Host: 0.0.0.0
Accept: */*


file: <_io.BufferedReader name=-1>
user: ('127.0.0.1', 49972)
url: ParseResult(scheme='', netloc='', path='/', params='', query='', fragment='')
path: /
query: {}
INFO:root:processing /
INFO:root:path found tmp/index.html
INFO:root:/Users/irusland/Desktop/UrFU/python/httpserver/tmp/index.html type text/html
INFO:root:Response status: 200
reason: OK
headers: [('Content-Type', 'text/html'), ('Content-Disposition', 'inline; filename=index.html'), ('Content-Length', 156)]
body: b'<!DOCTYPE html>\n<html lang="en">\n<head>\n    <meta charset="UTF-8">\n    <title>index.html</title>\n</head>\n<body>\n    <h1>Python Rule it!</h1>\n</body>\n</html>'
INFO:root:271B sent to ('127.0.0.1', 49972)
INFO:root:File sent to ('127.0.0.1', 49972)
INFO:root:Disconnected ('127.0.0.1', 49972)
ERROR:root:
Traceback (most recent call last):
  File "/Users/irusland/Desktop/UrFU/python/httpserver/tests/test_server.py", line 113, in test_serving
    s.serve()
  File "/Users/irusland/Desktop/UrFU/python/httpserver/httpserver.py", line 72, in serve
    poll = self.poller.select(self.refresh_rate)
  File "/usr/local/Cellar/python/3.7.4_1/Frameworks/Python.framework/Versions/3.7/lib/python3.7/selectors.py", line 558, in select
    kev_list = self._selector.control(None, max_ev, timeout)
KeyboardInterrupt
INFO:root:server is DOWN
INFO:root:processing /norulefile.py
INFO:root:path found tmp/pictures/norulefile.py
INFO:root:processing /pictures/png/1
INFO:root:path found tmp/pictures/1.png
INFO:root:processing /no.css
INFO:root:path found tmp/pages/css/no.css
INFO:root:processing /mime/
INFO:root:path found tmp/pictures/1.png
INFO:root:processing /index.html
INFO:root:path found tmp/index.html
INFO:root:processing /1.2.3.txt
INFO:root:path found tmp/1.2.3.txt
INFO:root:processing /foo.bar
INFO:root:path found tmp/pictures/foo.bar
INFO:root:processing /any.html
INFO:root:path found tmp/pages/any.html
INFO:root:processing /2.html
INFO:root:path found tmp/pages/2.html
INFO:root:processing /123.css
INFO:root:path found tmp/pages/css/123.css
INFO:root:processing /
INFO:root:path found tmp/index.html
INFO:root:processing /
INFO:root:path found tmp/index.html
INFO:root:/Users/irusland/Desktop/UrFU/python/httpserver/tmp/index.html type text/html
INFO:root:server is UP on 0.0.0.0:8000
ERROR:root:None
NoneType: None
INFO:root:server is DOWN
INFO:root:server is UP on 0.0.0.0:8000
ERROR:root:None
NoneType: None
INFO:root:server is DOWN
INFO:root:server is UP on 0.0.0.0:8000
INFO:root:Connected ('127.0.0.1', 49979)
INFO:root:Threaded client serving started ('127.0.0.1', 49979)
INFO:root:Got request from ('127.0.0.1', 49979) method: GET
target: /
version: HTTP/1.1
headers: Host: 0.0.0.0
Accept: */*


file: <_io.BufferedReader name=-1>
user: ('127.0.0.1', 49979)
url: ParseResult(scheme='', netloc='', path='/', params='', query='', fragment='')
path: /
query: {}
INFO:root:processing /
INFO:root:path found tmp/index.html
INFO:root:/Users/irusland/Desktop/UrFU/python/httpserver/tmp/index.html type text/html
INFO:root:Response status: 200
reason: OK
headers: [('Content-Type', 'text/html'), ('Content-Disposition', 'inline; filename=index.html'), ('Content-Length', 156)]
body: b'<!DOCTYPE html>\n<html lang="en">\n<head>\n    <meta charset="UTF-8">\n    <title>index.html</title>\n</head>\n<body>\n    <h1>Python Rule it!</h1>\n</body>\n</html>'
INFO:root:271B sent to ('127.0.0.1', 49979)
INFO:root:File sent to ('127.0.0.1', 49979)
INFO:root:Disconnected ('127.0.0.1', 49979)
ERROR:root:None
NoneType: None
INFO:root:server is DOWN
INFO:root:processing /norulefile.py
INFO:root:path found tmp/pictures/norulefile.py
INFO:root:processing /pictures/png/1
INFO:root:path found tmp/pictures/1.png
INFO:root:processing /no.css
INFO:root:path found tmp/pages/css/no.css
INFO:root:processing /mime/
INFO:root:path found tmp/pictures/1.png
INFO:root:processing /index.html
INFO:root:path found tmp/index.html
INFO:root:processing /1.2.3.txt
INFO:root:path found tmp/1.2.3.txt
INFO:root:processing /foo.bar
INFO:root:path found tmp/pictures/foo.bar
INFO:root:processing /any.html
INFO:root:path found tmp/pages/any.html
INFO:root:processing /2.html
INFO:root:path found tmp/pages/2.html
INFO:root:processing /123.css
INFO:root:path found tmp/pages/css/123.css
INFO:root:processing /
INFO:root:path found tmp/index.html
INFO:root:processing /
INFO:root:path found tmp/index.html
INFO:root:/Users/irusland/Desktop/UrFU/python/httpserver/tmp/index.html type text/html
INFO:root:server is UP on 0.0.0.0:8000
ERROR:root:None
NoneType: None
INFO:root:server is DOWN
INFO:root:server is UP on 0.0.0.0:8000
ERROR:root:None
NoneType: None
INFO:root:server is DOWN
INFO:root:server is UP on 0.0.0.0:8000
INFO:root:Connected ('127.0.0.1', 49984)
INFO:root:Threaded client serving started ('127.0.0.1', 49984)
INFO:root:Got request from ('127.0.0.1', 49984) method: GET
target: /
version: HTTP/1.1
headers: Host: 0.0.0.0
Accept: */*


file: <_io.BufferedReader name=-1>
user: ('127.0.0.1', 49984)
url: ParseResult(scheme='', netloc='', path='/', params='', query='', fragment='')
path: /
query: {}
INFO:root:processing /
INFO:root:path found tmp/index.html
INFO:root:/Users/irusland/Desktop/UrFU/python/httpserver/tmp/index.html type text/html
INFO:root:Response status: 200
reason: OK
headers: [('Content-Type', 'text/html'), ('Content-Disposition', 'inline; filename=index.html'), ('Content-Length', 156)]
body: b'<!DOCTYPE html>\n<html lang="en">\n<head>\n    <meta charset="UTF-8">\n    <title>index.html</title>\n</head>\n<body>\n    <h1>Python Rule it!</h1>\n</body>\n</html>'
INFO:root:271B sent to ('127.0.0.1', 49984)
INFO:root:File sent to ('127.0.0.1', 49984)
INFO:root:Disconnected ('127.0.0.1', 49984)
ERROR:root:None
NoneType: None
INFO:root:server is DOWN
INFO:root:processing /norulefile.py
INFO:root:path found tmp/pictures/norulefile.py
INFO:root:processing /pictures/png/1
INFO:root:path found tmp/pictures/1.png
INFO:root:processing /no.css
INFO:root:path found tmp/pages/css/no.css
INFO:root:processing /mime/
INFO:root:path found tmp/pictures/1.png
INFO:root:processing /index.html
INFO:root:path found tmp/index.html
INFO:root:processing /1.2.3.txt
INFO:root:path found tmp/1.2.3.txt
INFO:root:processing /foo.bar
INFO:root:path found tmp/pictures/foo.bar
INFO:root:processing /any.html
INFO:root:path found tmp/pages/any.html
INFO:root:processing /2.html
INFO:root:path found tmp/pages/2.html
INFO:root:processing /123.css
INFO:root:path found tmp/pages/css/123.css
INFO:root:processing /
INFO:root:path found tmp/index.html
INFO:root:processing /
INFO:root:path found tmp/index.html
INFO:root:/Users/irusland/Desktop/UrFU/python/httpserver/tmp/index.html type text/html
INFO:root:server is UP on 0.0.0.0:8000
ERROR:root:None
NoneType: None
INFO:root:server is DOWN
INFO:root:server is UP on 0.0.0.0:8000
ERROR:root:None
NoneType: None
INFO:root:server is DOWN
INFO:root:server is UP on 0.0.0.0:8000
INFO:root:Connected ('127.0.0.1', 50000)
INFO:root:Threaded client serving started ('127.0.0.1', 50000)
INFO:root:Got request from ('127.0.0.1', 50000) method: GET
target: /
version: HTTP/1.1
headers: Host: 0.0.0.0
Accept: */*


file: <_io.BufferedReader name=-1>
user: ('127.0.0.1', 50000)
url: ParseResult(scheme='', netloc='', path='/', params='', query='', fragment='')
path: /
query: {}
INFO:root:processing /
INFO:root:path found tmp/index.html
INFO:root:/Users/irusland/Desktop/UrFU/python/httpserver/tmp/index.html type text/html
INFO:root:Response status: 200
reason: OK
headers: [('Content-Type', 'text/html'), ('Content-Disposition', 'inline; filename=index.html'), ('Content-Length', 156)]
body: b'<!DOCTYPE html>\n<html lang="en">\n<head>\n    <meta charset="UTF-8">\n    <title>index.html</title>\n</head>\n<body>\n    <h1>Python Rule it!</h1>\n</body>\n</html>'
INFO:root:271B sent to ('127.0.0.1', 50000)
INFO:root:File sent to ('127.0.0.1', 50000)
INFO:root:Disconnected ('127.0.0.1', 50000)
ERROR:root:None
NoneType: None
INFO:root:server is DOWN
